// Jest Snapshot v1, https://goo.gl/fbAQLP

exports[`ModelInfo rendered component should match snapshot 1`] = `
<div>
  <p
    class="nhsuk-body-s nhsuk-u-secondary-text-color nhsuk-u-margin-top-7 nhsuk-u-margin-bottom-0"
  >
    Model: 
    gpt-3.5-turbo
  </p>
</div>
`;

exports[`makeSourcesLinks rendered component should match snapshot 1`] = `
<div>
  The running fox jumped over the hill. They jump so high due to their ability to contract muscles 
  <a
    class="hover:cursor-pointer text-nhs-blue text-base"
    href="link1"
    rel="noopener noreferrer"
    target="_blank"
  >
    [1]
  </a>
   at lightning speed. 
  <a
    class="hover:cursor-pointer text-nhs-blue text-base"
    href="link2"
    rel="noopener noreferrer"
    target="_blank"
  >
    [2]
  </a>
</div>
`;
