// Jest Snapshot v1, https://goo.gl/fbAQLP

exports[`GitHubIcon rendered component should match snapshot 1`] = `
<div>
  <a
    class="absolute top-2 right-2 p-4 cursor-pointer text-white hover:text-yellow-400 visited:text-white"
    href="https://github.com/worti3"
    rel="noreferrer"
    target="_blank"
  >
    <svg
      class="tabler-icon tabler-icon-brand-github"
      fill="none"
      height="24"
      stroke="currentColor"
      stroke-linecap="round"
      stroke-linejoin="round"
      stroke-width="2"
      viewBox="0 0 24 24"
      width="24"
      xmlns="http://www.w3.org/2000/svg"
    >
      <path
        d="M9 19c-4.3 1.4 -4.3 -2.5 -6 -3m12 5v-3.5c0 -1 .1 -1.4 -.5 -2c2.8 -.3 5.5 -1.4 5.5 -6a4.6 4.6 0 0 0 -1.3 -3.2a4.2 4.2 0 0 0 -.1 -3.2s-1.1 -.3 -3.5 1.3a12.3 12.3 0 0 0 -6.2 0c-2.4 -1.6 -3.5 -1.3 -3.5 -1.3a4.2 4.2 0 0 0 -.1 3.2a4.6 4.6 0 0 0 -1.3 3.2c0 4.6 2.7 5.7 5.5 6c-.6 .6 -.6 1.2 -.5 2v3.5"
      />
    </svg>
  </a>
</div>
`;

exports[`ModelInfo rendered component should match snapshot 1`] = `
<div>
  <p
    class="nhsuk-body-s nhsuk-u-secondary-text-color nhsuk-u-margin-top-7 nhsuk-u-margin-bottom-0"
  >
    Model: 
    gpt-3.5-turbo
  </p>
</div>
`;

exports[`makeSourcesLinks rendered component should match snapshot 1`] = `
<div>
  The running fox jumped over the hill. They jump so high due to their ability to contract muscles 
  <a
    class="hover:cursor-pointer text-blue-500"
    href="link1"
    rel="noopener noreferrer"
    target="_blank"
  >
    [1]
  </a>
   at lightning speed. 
  <a
    class="hover:cursor-pointer text-blue-500"
    href="link2"
    rel="noopener noreferrer"
    target="_blank"
  >
    [2]
  </a>
</div>
`;
