// Jest Snapshot v1, https://goo.gl/fbAQLP

exports[`Search renders correctly and matches snapshot 1`] = `
<div>
  <div
    class="relative w-full"
  >
    <div
      class="nhsuk-form-group"
    >
      <label
        class="nhsuk-label"
        for="search-input"
        id="search-input--label"
      >
        Enter a health related query
      </label>
      <div
        class="nhsuk-hint"
        id="search-input--hint"
      >
        e.g What is an HRT PPC?
      </div>
      <input
        aria-describedby="search-input--hint"
        aria-labelledby="search-input--label"
        class="nhsuk-input"
        id="search-input"
        name="search"
        placeholder="type something here"
        type="text"
        value=""
      />
    </div>
    <a
      aria-disabled="false"
      class="nhsuk-button"
      data-prevent-double-click="true"
      draggable="false"
      id="submit"
      role="button"
    >
      Submit
    </a>
  </div>
</div>
`;
