// Jest Snapshot v1, https://goo.gl/fbAQLP

exports[`Settings rendered component should match snapshot 1`] = `
<div>
  <div
    class="nhsuk-back-link"
  >
    <a
      class="nhsuk-back-link__link"
      href="/"
    >
      <svg
        aria-hidden="true"
        class="nhsuk-icon nhsuk-icon__chevron-left"
        height="32"
        viewBox="0 0 24 24"
        width="32"
        xmlns="http://www.w3.org/2000/svg"
      >
        <path
          d="M8.5 12c0-.3.1-.5.3-.7l5-5c.4-.4 1-.4 1.4 0s.4 1 0 1.4L10.9 12l4.3 4.3c.4.4.4 1 0 1.4s-1 .4-1.4 0l-5-5c-.2-.2-.3-.4-.3-.7z"
        />
      </svg>
      Go back
    </a>
  </div>
  <h1>
    Settings 
    <strong
      class="nhsuk-tag nhsuk-tag--white align-middle"
    >
      <span
        class="text-transparent bg-clip-text bg-gradient-to-r from-blue-700 via-blue-500 to-purple-700"
      >
        BETA
      </span>
    </strong>
  </h1>
  <h2>
    Here you can update the OpenAI API Key
  </h2>
  <p>
    You can obtain your personal API key 
    <a>
      here
    </a>
    .
  </p>
  <div
    class="nhsuk-inset-text"
  >
    <span
      class="nhsuk-u-visually-hidden"
    >
      Information: 
    </span>
    <p>
      To change back to your default configuration set in your 
      <span
        class="font-semibold"
      >
        .env
      </span>
       file. Use the API key: 
      <span
        class="font-semibold"
      >
        local
      </span>
      .
    </p>
  </div>
  <a
    aria-disabled="false"
    class="nhsuk-button"
    draggable="false"
    role="button"
  >
    Show
     Settings
  </a>
</div>
`;
